// Jest Snapshot v1, https://goo.gl/fbAQLP

exports[`should render an ExpenseListItem 1`] = `
<div>
  <h2>
    <Link
      to="/edit/1"
    >
      Gum
    </Link>
  </h2>
  <p>
    195
     - 
    December 12th
  </p>
</div>
`;
